
> frontend@0.0.0 build
> run-p type-check "build-only {@}" --


> frontend@0.0.0 type-check
> vue-tsc --build


> frontend@0.0.0 build-only
> vite build

[36mvite v8.0.16 [32mbuilding client environment for production...[36m[39m
[2K
transforming...鉁?1762 modules transformed.
node.exe : [31m鉁?[39m Build failed in 1.15s
所在位置 行:1 字符: 1
+ & "C:\Program Files\nodejs/node.exe" "C:\Program Files\nodejs/node_mo ...
+ ~~~~~~~~~~~~~~~~~~~~~~~~~~~~~~~~~~~~~~~~~~~~~~~~~~~~~~~~~~~~~~~~~~~~~
    + CategoryInfo          : NotSpecified: ([31m鉁?[39m Build failed in 1.15s 
   :String) [], RemoteException
    + FullyQualifiedErrorId : NativeCommandError
 
[31merror during build:
[31mBuild failed with 3 errors:

[plugin vite:vue] F:/school_project_manager/frontend/src/views/project-group/Pr
ojectGroupListView.vue:231:22
SyntaxError: [vue/compiler-sfc] Unterminated string constant. (231:22)

F:/school_project_manager/frontend/src/views/project-group/ProjectGroupListView
.vue
229|  
230|    if (!groupForm.groupName.trim()) {
231|      ElMessage.warning('鐠囧嘲鍘涙繅顐㈠晸妞ゅ湱娲扮紒鍕倳缁?)
   |                        ^
232|      return
233|    }
    at constructor (F:\school_project_manager\frontend\node_modules\@babel\pars
er\lib\index.js:365:19)
    at TypeScriptParserMixin.raise (F:\school_project_manager\frontend\node_mod
ules\@babel\parser\lib\index.js:6616:19)
    at Object.unterminated (F:\school_project_manager\frontend\node_modules\@ba
bel\parser\lib\index.js:5681:20)
    at readStringContents (F:\school_project_manager\frontend\node_modules\@bab
el\parser\lib\index.js:5423:16)
    at TypeScriptParserMixin.readString (F:\school_project_manager\frontend\nod
e_modules\@babel\parser\lib\index.js:6515:9)
    at TypeScriptParserMixin.getTokenFromCode (F:\school_project_manager\fronte
nd\node_modules\@babel\parser\lib\index.js:6275:14)
    at TypeScriptParserMixin.getTokenFromCode (F:\school_project_manager\fronte
nd\node_modules\@babel\parser\lib\index.js:10004:11)
    at TypeScriptParserMixin.nextToken (F:\school_project_manager\frontend\node
_modules\@babel\parser\lib\index.js:5799:10)
    at TypeScriptParserMixin.next (F:\school_project_manager\frontend\node_modu
les\@babel\parser\lib\index.js:5709:10)
    at TypeScriptParserMixin.parseCoverCallAndAsyncArrowHead (F:\school_project
_manager\frontend\node_modules\@babel\parser\lib\index.js:11186:10)
[plugin vite:vue] F:/school_project_manager/frontend/src/views/project-group-ap
plication/ProjectGroupApplicationListView.vue:223:22
SyntaxError: [vue/compiler-sfc] Unterminated string constant. (223:22)

F:/school_project_manager/frontend/src/views/project-group-application/ProjectG
roupApplicationListView.vue
221|    }
222|    if (!createForm.groupName.trim()) {
223|      ElMessage.warning('鐠囧嘲鍘涙繅顐㈠晸妞ゅ湱娲扮紒鍕倳缁?)
   |                        ^
224|      return
225|    }
    at constructor (F:\school_project_manager\frontend\node_modules\@babel\pars
er\lib\index.js:365:19)
    at TypeScriptParserMixin.raise (F:\school_project_manager\frontend\node_mod
ules\@babel\parser\lib\index.js:6616:19)
    at Object.unterminated (F:\school_project_manager\frontend\node_modules\@ba
bel\parser\lib\index.js:5681:20)
    at readStringContents (F:\school_project_manager\frontend\node_modules\@bab
el\parser\lib\index.js:5423:16)
    at TypeScriptParserMixin.readString (F:\school_project_manager\frontend\nod
e_modules\@babel\parser\lib\index.js:6515:9)
    at TypeScriptParserMixin.getTokenFromCode (F:\school_project_manager\fronte
nd\node_modules\@babel\parser\lib\index.js:6275:14)
    at TypeScriptParserMixin.getTokenFromCode (F:\school_project_manager\fronte
nd\node_modules\@babel\parser\lib\index.js:10004:11)
    at TypeScriptParserMixin.nextToken (F:\school_project_manager\frontend\node
_modules\@babel\parser\lib\index.js:5799:10)
    at TypeScriptParserMixin.next (F:\school_project_manager\frontend\node_modu
les\@babel\parser\lib\index.js:5709:10)
    at TypeScriptParserMixin.parseCoverCallAndAsyncArrowHead (F:\school_project
_manager\frontend\node_modules\@babel\parser\lib\index.js:11186:10)
[plugin vite:vue] F:/school_project_manager/frontend/src/views/sys-user/SysUser
ListView.vue:259:22
SyntaxError: [vue/compiler-sfc] Unterminated string constant. (259:22)

F:/school_project_manager/frontend/src/views/sys-user/SysUserListView.vue
257|    if (!resetTarget.value) return
258|    if (!resetPasswordForm.newPassword.trim()) {
259|      ElMessage.warning('鐠囧嘲鍘涙繅顐㈠晸閺傛澘鐦戦惍?)
   |                        ^
260|      return
261|    }
    at constructor (F:\school_project_manager\frontend\node_modules\@babel\pars
er\lib\index.js:365:19)
    at TypeScriptParserMixin.raise (F:\school_project_manager\frontend\node_mod
ules\@babel\parser\lib\index.js:6616:19)
    at Object.unterminated (F:\school_project_manager\frontend\node_modules\@ba
bel\parser\lib\index.js:5681:20)
    at readStringContents (F:\school_project_manager\frontend\node_modules\@bab
el\parser\lib\index.js:5423:16)
    at TypeScriptParserMixin.readString (F:\school_project_manager\frontend\nod
e_modules\@babel\parser\lib\index.js:6515:9)
    at TypeScriptParserMixin.getTokenFromCode (F:\school_project_manager\fronte
nd\node_modules\@babel\parser\lib\index.js:6275:14)
    at TypeScriptParserMixin.getTokenFromCode (F:\school_project_manager\fronte
nd\node_modules\@babel\parser\lib\index.js:10004:11)
    at TypeScriptParserMixin.nextToken (F:\school_project_manager\frontend\node
_modules\@babel\parser\lib\index.js:5799:10)
    at TypeScriptParserMixin.next (F:\school_project_manager\frontend\node_modu
les\@babel\parser\lib\index.js:5709:10)
    at TypeScriptParserMixin.parseCoverCallAndAsyncArrowHead (F:\school_project
_manager\frontend\node_modules\@babel\parser\lib\index.js:11186:10)[31m
    at aggregateBindingErrorsIntoJsError (file:///F:/school_project_manager/fro
ntend/node_modules/rolldown/dist/shared/error-BuvQYXuZ.mjs:48:18)
    at unwrapBindingResult (file:///F:/school_project_manager/frontend/node_mod
ules/rolldown/dist/shared/error-BuvQYXuZ.mjs:18:128)
    at #build (file:///F:/school_project_manager/frontend/node_modules/rolldown
/dist/shared/rolldown-build-CrPk_lZe.mjs:3246:34)
    at async buildEnvironment (file:///F:/school_project_manager/frontend/node_
modules/vite/dist/node/chunks/node.js:33253:64)
    at async Object.build (file:///F:/school_project_manager/frontend/node_modu
les/vite/dist/node/chunks/node.js:33675:19)
    at async Object.buildApp (file:///F:/school_project_manager/frontend/node_m
odules/vite/dist/node/chunks/node.js:33672:153)
    at async CAC.<anonymous> (file:///F:/school_project_manager/frontend/node_m
odules/vite/dist/node/cli.js:777:3) {
  errors: [Getter/Setter]
}[39m
ERROR: "build-only" exited with 1.
